2026-07-20T05:21:20.957970154+00:00 [WARN] inklog::domain::core::manager - Failed to set log crate logger: attempted to set a logger after the logging system was already initialized
2026-07-20T05:21:21.458074617+00:00 [WARN] codenexus::storage::connection - skipping unsupported DDL statement
2026-07-20T05:21:21.458743946+00:00 [WARN] codenexus::storage::connection - skipping unsupported DDL statement
2026-07-20T05:21:21.459180157+00:00 [WARN] codenexus::storage::connection - skipping unsupported DDL statement
2026-07-20T05:21:21.459632963+00:00 [WARN] codenexus::storage::connection - skipping unsupported DDL statement
2026-07-20T05:21:21.460175713+00:00 [WARN] codenexus::storage::connection - skipping unsupported DDL statement
2026-07-20T05:21:21.460524106+00:00 [WARN] codenexus::storage::connection - skipping unsupported DDL statement
2026-07-20T05:21:21.460913368+00:00 [WARN] codenexus::storage::connection - skipping unsupported DDL statement
2026-07-20T05:21:21.461399010+00:00 [WARN] codenexus::storage::connection - skipping unsupported DDL statement
2026-07-20T05:21:21.461842157+00:00 [WARN] codenexus::storage::connection - skipping unsupported DDL statement
2026-07-20T05:21:21.462243223+00:00 [WARN] codenexus::storage::connection - skipping unsupported DDL statement
2026-07-20T05:21:21.462712817+00:00 [WARN] codenexus::storage::connection - skipping unsupported DDL statement
2026-07-20T05:21:21.463191926+00:00 [WARN] codenexus::storage::connection - skipping unsupported DDL statement
2026-07-20T05:21:21.463767286+00:00 [WARN] codenexus::storage::connection - skipping unsupported DDL statement
2026-07-20T05:21:21.464539666+00:00 [WARN] codenexus::storage::connection - skipping unsupported DDL statement
2026-07-20T05:21:21.465315379+00:00 [WARN] codenexus::storage::connection - skipping unsupported DDL statement
2026-07-20T05:21:21.466268614+00:00 [WARN] codenexus::storage::connection - skipping unsupported DDL statement
2026-07-20T05:21:21.466671691+00:00 [WARN] codenexus::storage::connection - skipping unsupported DDL statement
2026-07-20T05:21:21.467179162+00:00 [WARN] codenexus::storage::connection - skipping unsupported DDL statement
2026-07-20T05:21:21.467590330+00:00 [WARN] codenexus::storage::connection - skipping unsupported DDL statement
2026-07-20T05:21:21.467941859+00:00 [WARN] codenexus::storage::connection - skipping unsupported DDL statement
2026-07-20T05:21:21.468346255+00:00 [WARN] codenexus::storage::connection - skipping unsupported DDL statement
2026-07-20T05:21:21.468941226+00:00 [WARN] codenexus::storage::connection - skipping unsupported DDL statement
2026-07-20T05:21:21.469390377+00:00 [WARN] codenexus::storage::connection - skipping unsupported DDL statement
2026-07-20T05:21:21.469839748+00:00 [WARN] codenexus::storage::connection - skipping unsupported DDL statement
2026-07-20T05:21:21.470260335+00:00 [WARN] codenexus::storage::connection - skipping unsupported DDL statement
2026-07-20T05:21:21.470747448+00:00 [WARN] codenexus::storage::connection - skipping unsupported DDL statement
2026-07-20T05:21:21.471253342+00:00 [WARN] codenexus::storage::connection - skipping unsupported DDL statement
2026-07-20T05:21:21.471719867+00:00 [WARN] codenexus::storage::connection - skipping unsupported DDL statement
2026-07-20T05:21:21.472184209+00:00 [WARN] codenexus::storage::connection - skipping unsupported DDL statement
2026-07-20T05:21:21.472613088+00:00 [WARN] codenexus::storage::connection - skipping unsupported DDL statement
2026-07-20T05:21:21.473088263+00:00 [WARN] codenexus::storage::connection - skipping unsupported DDL statement
2026-07-20T05:21:21.473505626+00:00 [WARN] codenexus::storage::connection - skipping unsupported DDL statement
2026-07-20T05:21:21.473957538+00:00 [WARN] codenexus::storage::connection - skipping unsupported DDL statement
2026-07-20T05:21:21.474513795+00:00 [WARN] codenexus::storage::connection - skipping unsupported DDL statement
2026-07-20T05:21:21.474920922+00:00 [WARN] codenexus::storage::connection - skipping unsupported DDL statement
2026-07-20T05:21:21.475361424+00:00 [WARN] codenexus::storage::connection - skipping unsupported DDL statement
2026-07-20T05:21:21.475713752+00:00 [WARN] codenexus::storage::connection - skipping unsupported DDL statement
2026-07-20T05:21:21.480635086+00:00 [WARN] codenexus::storage::connection - skipping unsupported DDL statement
2026-07-20T05:21:21.481234406+00:00 [WARN] codenexus::storage::connection - skipping unsupported DDL statement
2026-07-20T05:21:21.481701826+00:00 [WARN] codenexus::storage::connection - skipping unsupported DDL statement
2026-07-20T05:21:21.482144242+00:00 [WARN] codenexus::storage::connection - skipping unsupported DDL statement
2026-07-20T05:21:21.482534340+00:00 [WARN] codenexus::storage::connection - skipping unsupported DDL statement
2026-07-20T05:21:21.482977045+00:00 [WARN] codenexus::storage::connection - skipping unsupported DDL statement
2026-07-20T05:21:21.483546867+00:00 [WARN] codenexus::storage::connection - skipping unsupported DDL statement
2026-07-20T05:21:21.484058005+00:00 [WARN] codenexus::storage::connection - skipping unsupported DDL statement
2026-07-20T05:21:21.484531611+00:00 [WARN] codenexus::storage::connection - skipping unsupported DDL statement
2026-07-20T05:21:21.484697895+00:00 [WARN] codenexus::storage::connection - skipping unsupported DDL statement
2026-07-20T05:21:21.484924538+00:00 [WARN] codenexus::storage::connection - skipping unsupported DDL statement
2026-07-20T05:21:21.485166719+00:00 [WARN] codenexus::storage::connection - skipping unsupported DDL statement
2026-07-20T05:21:21.485400867+00:00 [WARN] codenexus::storage::connection - skipping unsupported DDL statement
2026-07-20T05:21:21.485643779+00:00 [WARN] codenexus::storage::connection - skipping unsupported DDL statement
2026-07-20T05:21:21.485882045+00:00 [WARN] codenexus::storage::connection - skipping unsupported DDL statement
2026-07-20T05:21:21.486129508+00:00 [WARN] codenexus::storage::connection - skipping unsupported DDL statement
2026-07-20T05:21:21.486359624+00:00 [WARN] codenexus::storage::connection - skipping unsupported DDL statement
2026-07-20T05:21:21.486603402+00:00 [WARN] codenexus::storage::connection - skipping unsupported DDL statement
2026-07-20T05:21:21.486833201+00:00 [WARN] codenexus::storage::connection - skipping unsupported DDL statement
2026-07-20T05:21:21.487088101+00:00 [WARN] codenexus::storage::connection - skipping unsupported DDL statement
2026-07-20T05:21:21.487315659+00:00 [WARN] codenexus::storage::connection - skipping unsupported DDL statement
2026-07-20T05:21:21.487549143+00:00 [WARN] codenexus::storage::connection - skipping unsupported DDL statement
2026-07-20T05:21:21.487809151+00:00 [WARN] codenexus::storage::connection - skipping unsupported DDL statement
2026-07-20T05:21:21.488034996+00:00 [WARN] codenexus::storage::connection - skipping unsupported DDL statement
2026-07-20T05:21:21.488284652+00:00 [WARN] codenexus::storage::connection - skipping unsupported DDL statement
2026-07-20T05:21:21.488516914+00:00 [WARN] codenexus::storage::connection - skipping unsupported DDL statement
2026-07-20T05:21:21.488791440+00:00 [WARN] codenexus::storage::connection - skipping unsupported DDL statement
2026-07-20T05:21:21.488986884+00:00 [WARN] codenexus::storage::connection - skipping unsupported DDL statement
2026-07-20T05:21:21.489222330+00:00 [WARN] codenexus::storage::connection - skipping unsupported DDL statement
2026-07-20T05:21:21.489492012+00:00 [WARN] codenexus::storage::connection - skipping unsupported DDL statement
2026-07-20T05:21:21.489708217+00:00 [WARN] codenexus::storage::connection - skipping unsupported DDL statement
2026-07-20T05:21:21.489943866+00:00 [WARN] codenexus::storage::connection - skipping unsupported DDL statement
2026-07-20T05:21:21.490187769+00:00 [WARN] codenexus::storage::connection - skipping unsupported DDL statement
2026-07-20T05:21:21.490423119+00:00 [WARN] codenexus::storage::connection - skipping unsupported DDL statement
2026-07-20T05:21:21.490660990+00:00 [WARN] codenexus::storage::connection - skipping unsupported DDL statement
2026-07-20T05:21:21.490901949+00:00 [WARN] codenexus::storage::connection - skipping unsupported DDL statement
2026-07-20T05:21:21.491149648+00:00 [WARN] codenexus::storage::connection - skipping unsupported DDL statement
2026-07-20T05:21:21.491383439+00:00 [WARN] codenexus::storage::connection - skipping unsupported DDL statement
2026-07-20T05:21:21.491612998+00:00 [WARN] codenexus::storage::connection - skipping unsupported DDL statement
2026-07-20T05:21:21.491863540+00:00 [WARN] codenexus::storage::connection - skipping unsupported DDL statement
2026-07-20T05:21:21.492095907+00:00 [WARN] codenexus::storage::connection - skipping unsupported DDL statement
2026-07-20T05:21:21.492331364+00:00 [WARN] codenexus::storage::connection - skipping unsupported DDL statement
2026-07-20T05:21:21.492569619+00:00 [WARN] codenexus::storage::connection - skipping unsupported DDL statement
2026-07-20T05:21:21.492812801+00:00 [WARN] codenexus::storage::connection - skipping unsupported DDL statement
2026-07-20T05:21:21.493225710+00:00 [WARN] codenexus::storage::connection - skipping unsupported DDL statement
2026-07-20T05:21:21.737678496+00:00 [WARN] codenexus::storage::connection - skipping unsupported DDL statement
2026-07-20T05:21:21.738243719+00:00 [WARN] codenexus::storage::connection - skipping unsupported DDL statement
2026-07-20T05:21:21.738762321+00:00 [WARN] codenexus::storage::connection - skipping unsupported DDL statement
2026-07-20T05:21:21.739824270+00:00 [WARN] codenexus::storage::connection - skipping unsupported DDL statement
2026-07-20T05:21:21.740453432+00:00 [WARN] codenexus::storage::connection - skipping unsupported DDL statement
2026-07-20T05:21:21.741109437+00:00 [WARN] codenexus::storage::connection - skipping unsupported DDL statement
2026-07-20T05:21:21.741645298+00:00 [WARN] codenexus::storage::connection - skipping unsupported DDL statement
2026-07-20T05:21:21.742046249+00:00 [WARN] codenexus::storage::connection - skipping unsupported DDL statement
2026-07-20T05:21:21.742520605+00:00 [WARN] codenexus::storage::connection - skipping unsupported DDL statement
2026-07-20T05:21:21.743098115+00:00 [WARN] codenexus::storage::connection - skipping unsupported DDL statement
2026-07-20T05:21:21.743597193+00:00 [WARN] codenexus::storage::connection - skipping unsupported DDL statement
2026-07-20T05:21:21.744640545+00:00 [WARN] codenexus::storage::connection - skipping unsupported DDL statement
2026-07-20T05:21:21.745254516+00:00 [WARN] codenexus::storage::connection - skipping unsupported DDL statement
2026-07-20T05:21:21.745806117+00:00 [WARN] codenexus::storage::connection - skipping unsupported DDL statement
2026-07-20T05:21:21.746209387+00:00 [WARN] codenexus::storage::connection - skipping unsupported DDL statement
2026-07-20T05:21:21.746694451+00:00 [WARN] codenexus::storage::connection - skipping unsupported DDL statement
2026-07-20T05:21:21.747228542+00:00 [WARN] codenexus::storage::connection - skipping unsupported DDL statement
2026-07-20T05:21:21.747714145+00:00 [WARN] codenexus::storage::connection - skipping unsupported DDL statement
2026-07-20T05:21:21.748170694+00:00 [WARN] codenexus::storage::connection - skipping unsupported DDL statement
2026-07-20T05:21:21.748608117+00:00 [WARN] codenexus::storage::connection - skipping unsupported DDL statement
2026-07-20T05:21:21.749116020+00:00 [WARN] codenexus::storage::connection - skipping unsupported DDL statement
2026-07-20T05:21:21.749582084+00:00 [WARN] codenexus::storage::connection - skipping unsupported DDL statement
2026-07-20T05:21:21.750055296+00:00 [WARN] codenexus::storage::connection - skipping unsupported DDL statement
2026-07-20T05:21:21.750499184+00:00 [WARN] codenexus::storage::connection - skipping unsupported DDL statement
2026-07-20T05:21:21.750980659+00:00 [WARN] codenexus::storage::connection - skipping unsupported DDL statement
2026-07-20T05:21:21.751502465+00:00 [WARN] codenexus::storage::connection - skipping unsupported DDL statement
2026-07-20T05:21:21.751989530+00:00 [WARN] codenexus::storage::connection - skipping unsupported DDL statement
2026-07-20T05:21:21.752476153+00:00 [WARN] codenexus::storage::connection - skipping unsupported DDL statement
2026-07-20T05:21:21.752896980+00:00 [WARN] codenexus::storage::connection - skipping unsupported DDL statement
2026-07-20T05:21:21.753370683+00:00 [WARN] codenexus::storage::connection - skipping unsupported DDL statement
2026-07-20T05:21:21.753815369+00:00 [WARN] codenexus::storage::connection - skipping unsupported DDL statement
2026-07-20T05:21:21.754232444+00:00 [WARN] codenexus::storage::connection - skipping unsupported DDL statement
2026-07-20T05:21:21.754680478+00:00 [WARN] codenexus::storage::connection - skipping unsupported DDL statement
2026-07-20T05:21:21.755042321+00:00 [WARN] codenexus::storage::connection - skipping unsupported DDL statement
2026-07-20T05:21:21.755417162+00:00 [WARN] codenexus::storage::connection - skipping unsupported DDL statement
2026-07-20T05:21:21.755873354+00:00 [WARN] codenexus::storage::connection - skipping unsupported DDL statement
2026-07-20T05:21:21.756094851+00:00 [WARN] codenexus::storage::connection - skipping unsupported DDL statement
2026-07-20T05:21:21.756292046+00:00 [WARN] codenexus::storage::connection - skipping unsupported DDL statement
2026-07-20T05:21:21.756651503+00:00 [WARN] codenexus::storage::connection - skipping unsupported DDL statement
2026-07-20T05:21:21.757113602+00:00 [WARN] codenexus::storage::connection - skipping unsupported DDL statement
2026-07-20T05:21:21.757482921+00:00 [WARN] codenexus::storage::connection - skipping unsupported DDL statement
2026-07-20T05:21:21.757850603+00:00 [WARN] codenexus::storage::connection - skipping unsupported DDL statement
2026-07-20T05:21:21.758264821+00:00 [WARN] codenexus::storage::connection - skipping unsupported DDL statement
2026-07-20T05:21:21.758664829+00:00 [WARN] codenexus::storage::connection - skipping unsupported DDL statement
2026-07-20T05:21:21.759192571+00:00 [WARN] codenexus::storage::connection - skipping unsupported DDL statement
2026-07-20T05:21:21.759375681+00:00 [WARN] codenexus::storage::connection - skipping unsupported DDL statement
2026-07-20T05:21:21.759597312+00:00 [WARN] codenexus::storage::connection - skipping unsupported DDL statement
2026-07-20T05:21:21.759870116+00:00 [WARN] codenexus::storage::connection - skipping unsupported DDL statement
2026-07-20T05:21:21.760087062+00:00 [WARN] codenexus::storage::connection - skipping unsupported DDL statement
2026-07-20T05:21:21.760330445+00:00 [WARN] codenexus::storage::connection - skipping unsupported DDL statement
2026-07-20T05:21:21.760564497+00:00 [WARN] codenexus::storage::connection - skipping unsupported DDL statement
2026-07-20T05:21:21.760803868+00:00 [WARN] codenexus::storage::connection - skipping unsupported DDL statement
2026-07-20T05:21:21.761028059+00:00 [WARN] codenexus::storage::connection - skipping unsupported DDL statement
2026-07-20T05:21:21.761262591+00:00 [WARN] codenexus::storage::connection - skipping unsupported DDL statement
2026-07-20T05:21:21.761499587+00:00 [WARN] codenexus::storage::connection - skipping unsupported DDL statement
2026-07-20T05:21:21.761737669+00:00 [WARN] codenexus::storage::connection - skipping unsupported DDL statement
2026-07-20T05:21:21.761978715+00:00 [WARN] codenexus::storage::connection - skipping unsupported DDL statement
2026-07-20T05:21:21.762218337+00:00 [WARN] codenexus::storage::connection - skipping unsupported DDL statement
2026-07-20T05:21:21.762549124+00:00 [WARN] codenexus::storage::connection - skipping unsupported DDL statement
2026-07-20T05:21:21.762787794+00:00 [WARN] codenexus::storage::connection - skipping unsupported DDL statement
2026-07-20T05:21:21.763030985+00:00 [WARN] codenexus::storage::connection - skipping unsupported DDL statement
2026-07-20T05:21:21.763267009+00:00 [WARN] codenexus::storage::connection - skipping unsupported DDL statement
2026-07-20T05:21:21.763523303+00:00 [WARN] codenexus::storage::connection - skipping unsupported DDL statement
2026-07-20T05:21:21.763750332+00:00 [WARN] codenexus::storage::connection - skipping unsupported DDL statement
2026-07-20T05:21:21.763989444+00:00 [WARN] codenexus::storage::connection - skipping unsupported DDL statement
2026-07-20T05:21:21.764225833+00:00 [WARN] codenexus::storage::connection - skipping unsupported DDL statement
2026-07-20T05:21:21.764469534+00:00 [WARN] codenexus::storage::connection - skipping unsupported DDL statement
2026-07-20T05:21:21.764709050+00:00 [WARN] codenexus::storage::connection - skipping unsupported DDL statement
2026-07-20T05:21:21.764955349+00:00 [WARN] codenexus::storage::connection - skipping unsupported DDL statement
2026-07-20T05:21:21.765191912+00:00 [WARN] codenexus::storage::connection - skipping unsupported DDL statement
2026-07-20T05:21:21.765429965+00:00 [WARN] codenexus::storage::connection - skipping unsupported DDL statement
2026-07-20T05:21:21.765678679+00:00 [WARN] codenexus::storage::connection - skipping unsupported DDL statement
2026-07-20T05:21:21.765950592+00:00 [WARN] codenexus::storage::connection - skipping unsupported DDL statement
2026-07-20T05:21:21.766163478+00:00 [WARN] codenexus::storage::connection - skipping unsupported DDL statement
2026-07-20T05:21:21.766402878+00:00 [WARN] codenexus::storage::connection - skipping unsupported DDL statement
2026-07-20T05:21:21.766640432+00:00 [WARN] codenexus::storage::connection - skipping unsupported DDL statement
2026-07-20T05:21:21.766881612+00:00 [WARN] codenexus::storage::connection - skipping unsupported DDL statement
2026-07-20T05:21:21.767121176+00:00 [WARN] codenexus::storage::connection - skipping unsupported DDL statement
2026-07-20T05:21:21.767353275+00:00 [WARN] codenexus::storage::connection - skipping unsupported DDL statement
2026-07-20T05:21:21.767594638+00:00 [WARN] codenexus::storage::connection - skipping unsupported DDL statement
2026-07-20T05:21:21.767846305+00:00 [WARN] codenexus::storage::connection - skipping unsupported DDL statement
2026-07-20T05:21:21.768099483+00:00 [WARN] codenexus::storage::connection - skipping unsupported DDL statement
2026-07-20T05:21:21.772173600+00:00 [INFO] rmcp::service - Service initialized as server
2026-07-20T05:21:21.998993194+00:00 [INFO] rmcp::service - received notification
2026-07-20T05:21:21.999555580+00:00 [INFO] rmcp::handler::server - client initialized
2026-07-20T05:22:52.467559954+00:00 [INFO] rmcp::service - input stream terminated
2026-07-20T05:23:35.850040355+00:00 [WARN] inklog::domain::core::manager - Failed to set log crate logger: attempted to set a logger after the logging system was already initialized
2026-07-20T05:23:36.148091390+00:00 [WARN] codenexus::storage::connection - skipping unsupported DDL statement
2026-07-20T05:23:36.148782217+00:00 [WARN] codenexus::storage::connection - skipping unsupported DDL statement
2026-07-20T05:23:36.149241943+00:00 [WARN] codenexus::storage::connection - skipping unsupported DDL statement
2026-07-20T05:23:36.149756681+00:00 [WARN] codenexus::storage::connection - skipping unsupported DDL statement
2026-07-20T05:23:36.150309150+00:00 [WARN] codenexus::storage::connection - skipping unsupported DDL statement
2026-07-20T05:23:36.150702641+00:00 [WARN] codenexus::storage::connection - skipping unsupported DDL statement
2026-07-20T05:23:36.151187170+00:00 [WARN] codenexus::storage::connection - skipping unsupported DDL statement
2026-07-20T05:23:36.151665841+00:00 [WARN] codenexus::storage::connection - skipping unsupported DDL statement
2026-07-20T05:23:36.152054648+00:00 [WARN] codenexus::storage::connection - skipping unsupported DDL statement
2026-07-20T05:23:36.152453494+00:00 [WARN] codenexus::storage::connection - skipping unsupported DDL statement
2026-07-20T05:23:36.152941835+00:00 [WARN] codenexus::storage::connection - skipping unsupported DDL statement
2026-07-20T05:23:36.153462380+00:00 [WARN] codenexus::storage::connection - skipping unsupported DDL statement
2026-07-20T05:23:36.154053774+00:00 [WARN] codenexus::storage::connection - skipping unsupported DDL statement
2026-07-20T05:23:36.154552023+00:00 [WARN] codenexus::storage::connection - skipping unsupported DDL statement
2026-07-20T05:23:36.155000134+00:00 [WARN] codenexus::storage::connection - skipping unsupported DDL statement
2026-07-20T05:23:36.155429651+00:00 [WARN] codenexus::storage::connection - skipping unsupported DDL statement
2026-07-20T05:23:36.155947137+00:00 [WARN] codenexus::storage::connection - skipping unsupported DDL statement
2026-07-20T05:23:36.156455627+00:00 [WARN] codenexus::storage::connection - skipping unsupported DDL statement
2026-07-20T05:23:36.156903548+00:00 [WARN] codenexus::storage::connection - skipping unsupported DDL statement
2026-07-20T05:23:36.157385169+00:00 [WARN] codenexus::storage::connection - skipping unsupported DDL statement
2026-07-20T05:23:36.157957095+00:00 [WARN] codenexus::storage::connection - skipping unsupported DDL statement
2026-07-20T05:23:36.158506866+00:00 [WARN] codenexus::storage::connection - skipping unsupported DDL statement
2026-07-20T05:23:36.158966462+00:00 [WARN] codenexus::storage::connection - skipping unsupported DDL statement
2026-07-20T05:23:36.159485230+00:00 [WARN] codenexus::storage::connection - skipping unsupported DDL statement
2026-07-20T05:23:36.159946821+00:00 [WARN] codenexus::storage::connection - skipping unsupported DDL statement
2026-07-20T05:23:36.160422063+00:00 [WARN] codenexus::storage::connection - skipping unsupported DDL statement
2026-07-20T05:23:36.160925297+00:00 [WARN] codenexus::storage::connection - skipping unsupported DDL statement
2026-07-20T05:23:36.161445010+00:00 [WARN] codenexus::storage::connection - skipping unsupported DDL statement
2026-07-20T05:23:36.161921204+00:00 [WARN] codenexus::storage::connection - skipping unsupported DDL statement
2026-07-20T05:23:36.162437988+00:00 [WARN] codenexus::storage::connection - skipping unsupported DDL statement
2026-07-20T05:23:36.162929608+00:00 [WARN] codenexus::storage::connection - skipping unsupported DDL statement
2026-07-20T05:23:36.163425280+00:00 [WARN] codenexus::storage::connection - skipping unsupported DDL statement
2026-07-20T05:23:36.163885387+00:00 [WARN] codenexus::storage::connection - skipping unsupported DDL statement
2026-07-20T05:23:36.164385872+00:00 [WARN] codenexus::storage::connection - skipping unsupported DDL statement
2026-07-20T05:23:36.164793655+00:00 [WARN] codenexus::storage::connection - skipping unsupported DDL statement
2026-07-20T05:23:36.165269378+00:00 [WARN] codenexus::storage::connection - skipping unsupported DDL statement
2026-07-20T05:23:36.165788834+00:00 [WARN] codenexus::storage::connection - skipping unsupported DDL statement
2026-07-20T05:23:36.166616013+00:00 [WARN] codenexus::storage::connection - skipping unsupported DDL statement
2026-07-20T05:23:36.166975644+00:00 [WARN] codenexus::storage::connection - skipping unsupported DDL statement
2026-07-20T05:23:36.167405521+00:00 [WARN] codenexus::storage::connection - skipping unsupported DDL statement
2026-07-20T05:23:36.167866250+00:00 [WARN] codenexus::storage::connection - skipping unsupported DDL statement
2026-07-20T05:23:36.168227255+00:00 [WARN] codenexus::storage::connection - skipping unsupported DDL statement
2026-07-20T05:23:36.168603424+00:00 [WARN] codenexus::storage::connection - skipping unsupported DDL statement
2026-07-20T05:23:36.169124391+00:00 [WARN] codenexus::storage::connection - skipping unsupported DDL statement
2026-07-20T05:23:36.169689975+00:00 [WARN] codenexus::storage::connection - skipping unsupported DDL statement
2026-07-20T05:23:36.170038132+00:00 [WARN] codenexus::storage::connection - skipping unsupported DDL statement
2026-07-20T05:23:36.170371104+00:00 [WARN] codenexus::storage::connection - skipping unsupported DDL statement
2026-07-20T05:23:36.170618443+00:00 [WARN] codenexus::storage::connection - skipping unsupported DDL statement
2026-07-20T05:23:36.170859173+00:00 [WARN] codenexus::storage::connection - skipping unsupported DDL statement
2026-07-20T05:23:36.171107626+00:00 [WARN] codenexus::storage::connection - skipping unsupported DDL statement
2026-07-20T05:23:36.171364764+00:00 [WARN] codenexus::storage::connection - skipping unsupported DDL statement
2026-07-20T05:23:36.171606577+00:00 [WARN] codenexus::storage::connection - skipping unsupported DDL statement
2026-07-20T05:23:36.171863756+00:00 [WARN] codenexus::storage::connection - skipping unsupported DDL statement
2026-07-20T05:23:36.172110624+00:00 [WARN] codenexus::storage::connection - skipping unsupported DDL statement
2026-07-20T05:23:36.172363941+00:00 [WARN] codenexus::storage::connection - skipping unsupported DDL statement
2026-07-20T05:23:36.172613406+00:00 [WARN] codenexus::storage::connection - skipping unsupported DDL statement
2026-07-20T05:23:36.172860796+00:00 [WARN] codenexus::storage::connection - skipping unsupported DDL statement
2026-07-20T05:23:36.173112990+00:00 [WARN] codenexus::storage::connection - skipping unsupported DDL statement
2026-07-20T05:23:36.173360911+00:00 [WARN] codenexus::storage::connection - skipping unsupported DDL statement
2026-07-20T05:23:36.173630766+00:00 [WARN] codenexus::storage::connection - skipping unsupported DDL statement
2026-07-20T05:23:36.173955885+00:00 [WARN] codenexus::storage::connection - skipping unsupported DDL statement
2026-07-20T05:23:36.174207256+00:00 [WARN] codenexus::storage::connection - skipping unsupported DDL statement
2026-07-20T05:23:36.174457615+00:00 [WARN] codenexus::storage::connection - skipping unsupported DDL statement
2026-07-20T05:23:36.174733288+00:00 [WARN] codenexus::storage::connection - skipping unsupported DDL statement
2026-07-20T05:23:36.174967067+00:00 [WARN] codenexus::storage::connection - skipping unsupported DDL statement
2026-07-20T05:23:36.175210936+00:00 [WARN] codenexus::storage::connection - skipping unsupported DDL statement
2026-07-20T05:23:36.175462167+00:00 [WARN] codenexus::storage::connection - skipping unsupported DDL statement
2026-07-20T05:23:36.175711462+00:00 [WARN] codenexus::storage::connection - skipping unsupported DDL statement
2026-07-20T05:23:36.175966304+00:00 [WARN] codenexus::storage::connection - skipping unsupported DDL statement
2026-07-20T05:23:36.176216532+00:00 [WARN] codenexus::storage::connection - skipping unsupported DDL statement
2026-07-20T05:23:36.176470019+00:00 [WARN] codenexus::storage::connection - skipping unsupported DDL statement
2026-07-20T05:23:36.176713718+00:00 [WARN] codenexus::storage::connection - skipping unsupported DDL statement
2026-07-20T05:23:36.176963585+00:00 [WARN] codenexus::storage::connection - skipping unsupported DDL statement
2026-07-20T05:23:36.177216059+00:00 [WARN] codenexus::storage::connection - skipping unsupported DDL statement
2026-07-20T05:23:36.177479285+00:00 [WARN] codenexus::storage::connection - skipping unsupported DDL statement
2026-07-20T05:23:36.177705593+00:00 [WARN] codenexus::storage::connection - skipping unsupported DDL statement
2026-07-20T05:23:36.177962430+00:00 [WARN] codenexus::storage::connection - skipping unsupported DDL statement
2026-07-20T05:23:36.178205738+00:00 [WARN] codenexus::storage::connection - skipping unsupported DDL statement
2026-07-20T05:23:36.178470468+00:00 [WARN] codenexus::storage::connection - skipping unsupported DDL statement
2026-07-20T05:23:36.178716574+00:00 [WARN] codenexus::storage::connection - skipping unsupported DDL statement
2026-07-20T05:23:36.178969650+00:00 [WARN] codenexus::storage::connection - skipping unsupported DDL statement
2026-07-20T05:23:36.179288491+00:00 [WARN] codenexus::storage::connection - skipping unsupported DDL statement
2026-07-20T05:23:36.455508882+00:00 [WARN] codenexus::storage::connection - skipping unsupported DDL statement
2026-07-20T05:23:36.456102443+00:00 [WARN] codenexus::storage::connection - skipping unsupported DDL statement
2026-07-20T05:23:36.456608946+00:00 [WARN] codenexus::storage::connection - skipping unsupported DDL statement
2026-07-20T05:23:36.457068672+00:00 [WARN] codenexus::storage::connection - skipping unsupported DDL statement
2026-07-20T05:23:36.457632124+00:00 [WARN] codenexus::storage::connection - skipping unsupported DDL statement
2026-07-20T05:23:36.458170100+00:00 [WARN] codenexus::storage::connection - skipping unsupported DDL statement
2026-07-20T05:23:36.458563620+00:00 [WARN] codenexus::storage::connection - skipping unsupported DDL statement
2026-07-20T05:23:36.459037598+00:00 [WARN] codenexus::storage::connection - skipping unsupported DDL statement
2026-07-20T05:23:36.459419514+00:00 [WARN] codenexus::storage::connection - skipping unsupported DDL statement
2026-07-20T05:23:36.459846453+00:00 [WARN] codenexus::storage::connection - skipping unsupported DDL statement
2026-07-20T05:23:36.460320562+00:00 [WARN] codenexus::storage::connection - skipping unsupported DDL statement
2026-07-20T05:23:36.460789625+00:00 [WARN] codenexus::storage::connection - skipping unsupported DDL statement
2026-07-20T05:23:36.461157510+00:00 [WARN] codenexus::storage::connection - skipping unsupported DDL statement
2026-07-20T05:23:36.461513590+00:00 [WARN] codenexus::storage::connection - skipping unsupported DDL statement
2026-07-20T05:23:36.462002221+00:00 [WARN] codenexus::storage::connection - skipping unsupported DDL statement
2026-07-20T05:23:36.462472869+00:00 [WARN] codenexus::storage::connection - skipping unsupported DDL statement
2026-07-20T05:23:36.463221431+00:00 [WARN] codenexus::storage::connection - skipping unsupported DDL statement
2026-07-20T05:23:36.463814440+00:00 [WARN] codenexus::storage::connection - skipping unsupported DDL statement
2026-07-20T05:23:36.464330442+00:00 [WARN] codenexus::storage::connection - skipping unsupported DDL statement
2026-07-20T05:23:36.464805624+00:00 [WARN] codenexus::storage::connection - skipping unsupported DDL statement
2026-07-20T05:23:36.465343430+00:00 [WARN] codenexus::storage::connection - skipping unsupported DDL statement
2026-07-20T05:23:36.465902689+00:00 [WARN] codenexus::storage::connection - skipping unsupported DDL statement
2026-07-20T05:23:36.466395482+00:00 [WARN] codenexus::storage::connection - skipping unsupported DDL statement
2026-07-20T05:23:36.466821248+00:00 [WARN] codenexus::storage::connection - skipping unsupported DDL statement
2026-07-20T05:23:36.467287663+00:00 [WARN] codenexus::storage::connection - skipping unsupported DDL statement
2026-07-20T05:23:36.467791770+00:00 [WARN] codenexus::storage::connection - skipping unsupported DDL statement
2026-07-20T05:23:36.468274112+00:00 [WARN] codenexus::storage::connection - skipping unsupported DDL statement
2026-07-20T05:23:36.468792080+00:00 [WARN] codenexus::storage::connection - skipping unsupported DDL statement
2026-07-20T05:23:36.469286678+00:00 [WARN] codenexus::storage::connection - skipping unsupported DDL statement
2026-07-20T05:23:36.469901852+00:00 [WARN] codenexus::storage::connection - skipping unsupported DDL statement
2026-07-20T05:23:36.470408366+00:00 [WARN] codenexus::storage::connection - skipping unsupported DDL statement
2026-07-20T05:23:36.470932191+00:00 [WARN] codenexus::storage::connection - skipping unsupported DDL statement
2026-07-20T05:23:36.471428143+00:00 [WARN] codenexus::storage::connection - skipping unsupported DDL statement
2026-07-20T05:23:36.471890276+00:00 [WARN] codenexus::storage::connection - skipping unsupported DDL statement
2026-07-20T05:23:36.472387893+00:00 [WARN] codenexus::storage::connection - skipping unsupported DDL statement
2026-07-20T05:23:36.472892973+00:00 [WARN] codenexus::storage::connection - skipping unsupported DDL statement
2026-07-20T05:23:36.473384071+00:00 [WARN] codenexus::storage::connection - skipping unsupported DDL statement
2026-07-20T05:23:36.473682983+00:00 [WARN] codenexus::storage::connection - skipping unsupported DDL statement
2026-07-20T05:23:36.474123983+00:00 [WARN] codenexus::storage::connection - skipping unsupported DDL statement
2026-07-20T05:23:36.474645962+00:00 [WARN] codenexus::storage::connection - skipping unsupported DDL statement
2026-07-20T05:23:36.475285121+00:00 [WARN] codenexus::storage::connection - skipping unsupported DDL statement
2026-07-20T05:23:36.475764886+00:00 [WARN] codenexus::storage::connection - skipping unsupported DDL statement
2026-07-20T05:23:36.476244701+00:00 [WARN] codenexus::storage::connection - skipping unsupported DDL statement
2026-07-20T05:23:36.476643758+00:00 [WARN] codenexus::storage::connection - skipping unsupported DDL statement
2026-07-20T05:23:36.477114717+00:00 [WARN] codenexus::storage::connection - skipping unsupported DDL statement
2026-07-20T05:23:36.477374934+00:00 [WARN] codenexus::storage::connection - skipping unsupported DDL statement
2026-07-20T05:23:36.477628071+00:00 [WARN] codenexus::storage::connection - skipping unsupported DDL statement
2026-07-20T05:23:36.477869362+00:00 [WARN] codenexus::storage::connection - skipping unsupported DDL statement
2026-07-20T05:23:36.478124093+00:00 [WARN] codenexus::storage::connection - skipping unsupported DDL statement
2026-07-20T05:23:36.478368143+00:00 [WARN] codenexus::storage::connection - skipping unsupported DDL statement
2026-07-20T05:23:36.478619264+00:00 [WARN] codenexus::storage::connection - skipping unsupported DDL statement
2026-07-20T05:23:36.478876763+00:00 [WARN] codenexus::storage::connection - skipping unsupported DDL statement
2026-07-20T05:23:36.479128797+00:00 [WARN] codenexus::storage::connection - skipping unsupported DDL statement
2026-07-20T05:23:36.479376206+00:00 [WARN] codenexus::storage::connection - skipping unsupported DDL statement
2026-07-20T05:23:36.479616385+00:00 [WARN] codenexus::storage::connection - skipping unsupported DDL statement
2026-07-20T05:23:36.479859512+00:00 [WARN] codenexus::storage::connection - skipping unsupported DDL statement
2026-07-20T05:23:36.480204680+00:00 [WARN] codenexus::storage::connection - skipping unsupported DDL statement
2026-07-20T05:23:36.480453945+00:00 [WARN] codenexus::storage::connection - skipping unsupported DDL statement
2026-07-20T05:23:36.480743234+00:00 [WARN] codenexus::storage::connection - skipping unsupported DDL statement
2026-07-20T05:23:36.480963574+00:00 [WARN] codenexus::storage::connection - skipping unsupported DDL statement
2026-07-20T05:23:36.481211645+00:00 [WARN] codenexus::storage::connection - skipping unsupported DDL statement
2026-07-20T05:23:36.481482203+00:00 [WARN] codenexus::storage::connection - skipping unsupported DDL statement
2026-07-20T05:23:36.481719684+00:00 [WARN] codenexus::storage::connection - skipping unsupported DDL statement
2026-07-20T05:23:36.481964626+00:00 [WARN] codenexus::storage::connection - skipping unsupported DDL statement
2026-07-20T05:23:36.482205787+00:00 [WARN] codenexus::storage::connection - skipping unsupported DDL statement
2026-07-20T05:23:36.482452685+00:00 [WARN] codenexus::storage::connection - skipping unsupported DDL statement
2026-07-20T05:23:36.482699503+00:00 [WARN] codenexus::storage::connection - skipping unsupported DDL statement
2026-07-20T05:23:36.483102642+00:00 [WARN] codenexus::storage::connection - skipping unsupported DDL statement
2026-07-20T05:23:36.483338166+00:00 [WARN] codenexus::storage::connection - skipping unsupported DDL statement
2026-07-20T05:23:36.483610058+00:00 [WARN] codenexus::storage::connection - skipping unsupported DDL statement
2026-07-20T05:23:36.483842082+00:00 [WARN] codenexus::storage::connection - skipping unsupported DDL statement
2026-07-20T05:23:36.484091859+00:00 [WARN] codenexus::storage::connection - skipping unsupported DDL statement
2026-07-20T05:23:36.484354102+00:00 [WARN] codenexus::storage::connection - skipping unsupported DDL statement
2026-07-20T05:23:36.484590840+00:00 [WARN] codenexus::storage::connection - skipping unsupported DDL statement
2026-07-20T05:23:36.484839734+00:00 [WARN] codenexus::storage::connection - skipping unsupported DDL statement
2026-07-20T05:23:36.485084717+00:00 [WARN] codenexus::storage::connection - skipping unsupported DDL statement
2026-07-20T05:23:36.485336951+00:00 [WARN] codenexus::storage::connection - skipping unsupported DDL statement
2026-07-20T05:23:36.485584982+00:00 [WARN] codenexus::storage::connection - skipping unsupported DDL statement
2026-07-20T05:23:36.485832973+00:00 [WARN] codenexus::storage::connection - skipping unsupported DDL statement
2026-07-20T05:23:36.486083923+00:00 [WARN] codenexus::storage::connection - skipping unsupported DDL statement
2026-07-20T05:23:36.486341804+00:00 [WARN] codenexus::storage::connection - skipping unsupported DDL statement
2026-07-20T05:23:36.486707904+00:00 [WARN] codenexus::storage::connection - skipping unsupported DDL statement
2026-07-20T05:23:36.488320669+00:00 [INFO] rmcp::service - Service initialized as server
2026-07-20T05:23:36.754451518+00:00 [INFO] rmcp::service - received notification
2026-07-20T05:23:36.754826940+00:00 [INFO] rmcp::handler::server - client initialized
